// Jest Snapshot v1, https://goo.gl/fbAQLP

exports[`InfoCard Should be able to render 1`] = `
<div
  className="info-container"
>
  <header
    className="info-top"
  >
    <strong
      className="info-top-title"
    >
      Unifei
    </strong>
    <p
      className="info-top-subtitle"
    >
      pública
    </p>
  </header>
  <div
    className="info-content"
  >
    <h5
      className="info-content-title"
    >
       
      Engenharia de computação
    </h5>
    <div
      className="info-content-subtitle"
    >
      <p>
        Bacharelado
      </p>
      <p>
        Presencial
      </p>
      <p>
        Integral
      </p>
      <p
        className="align-items"
      >
        <svg
          className="info-content-data-icon"
          fill="none"
          height="1em"
          stroke="currentColor"
          strokeLinecap="round"
          strokeLinejoin="round"
          strokeWidth="2"
          style={
            Object {
              "color": undefined,
            }
          }
          viewBox="0 0 24 24"
          width="1em"
          xmlns="http://www.w3.org/2000/svg"
        >
          <circle
            cx="12"
            cy="12"
            r="10"
          />
          <polyline
            points="12 6 12 12 16 14"
          />
        </svg>
        5
         anos
      </p>
      <p
        className="align-items"
      >
        4
         
        <svg
          className="info-content-data-icon"
          fill="currentColor"
          height="1em"
          stroke="currentColor"
          strokeWidth="0"
          style={
            Object {
              "color": undefined,
            }
          }
          viewBox="0 0 576 512"
          width="1em"
          xmlns="http://www.w3.org/2000/svg"
        >
          <path
            d="M259.3 17.8L194 150.2 47.9 171.5c-26.2 3.8-36.7 36.1-17.7 54.6l105.7 103-25 145.5c-4.5 26.3 23.2 46 46.4 33.7L288 439.6l130.7 68.7c23.2 12.2 50.9-7.4 46.4-33.7l-25-145.5 105.7-103c19-18.5 8.5-50.8-17.7-54.6L382 150.2 316.7 17.8c-11.7-23.6-45.6-23.9-57.4 0z"
          />
        </svg>
      </p>
    </div>
    <p
      className="info-content-description"
    >
      Melhor Curso
    </p>
    <div
      className="info-content-data"
    >
      <fieldset
        className="info-content-data-contact"
      >
        <legend>
          Contato
        </legend>
        <p
          className="align-items"
        >
          <svg
            className="info-content-data-icon"
            fill="none"
            height="1em"
            stroke="currentColor"
            strokeLinecap="round"
            strokeLinejoin="round"
            strokeWidth="2"
            style={
              Object {
                "color": undefined,
              }
            }
            viewBox="0 0 24 24"
            width="1em"
            xmlns="http://www.w3.org/2000/svg"
          >
            <path
              d="M4 4h16c1.1 0 2 .9 2 2v12c0 1.1-.9 2-2 2H4c-1.1 0-2-.9-2-2V6c0-1.1.9-2 2-2z"
            />
            <polyline
              points="22,6 12,13 2,6"
            />
          </svg>
           
          guilherme@hotmail.com
        </p>
        <p
          className="align-items"
        >
          <svg
            className="info-content-data-icon"
            fill="none"
            height="1em"
            stroke="currentColor"
            strokeLinecap="round"
            strokeLinejoin="round"
            strokeWidth="2"
            style={
              Object {
                "color": undefined,
              }
            }
            viewBox="0 0 24 24"
            width="1em"
            xmlns="http://www.w3.org/2000/svg"
          >
            <path
              d="M22 16.92v3a2 2 0 0 1-2.18 2 19.79 19.79 0 0 1-8.63-3.07 19.5 19.5 0 0 1-6-6 19.79 19.79 0 0 1-3.07-8.67A2 2 0 0 1 4.11 2h3a2 2 0 0 1 2 1.72 12.84 12.84 0 0 0 .7 2.81 2 2 0 0 1-.45 2.11L8.09 9.91a16 16 0 0 0 6 6l1.27-1.27a2 2 0 0 1 2.11-.45 12.84 12.84 0 0 0 2.81.7A2 2 0 0 1 22 16.92z"
            />
          </svg>
           
          34546789
        </p>
      </fieldset>
      <fieldset
        className="info-content-data-address"
      >
        <legend>
          Localização
        </legend>
        <p
          className="align-items"
        >
          <svg
            className="info-content-data-icon"
            fill="none"
            height="1em"
            stroke="currentColor"
            strokeLinecap="round"
            strokeLinejoin="round"
            strokeWidth="2"
            style={
              Object {
                "color": undefined,
              }
            }
            viewBox="0 0 24 24"
            width="1em"
            xmlns="http://www.w3.org/2000/svg"
          >
            <polygon
              points="1 6 1 22 8 18 16 22 23 18 23 2 16 6 8 2 1 6"
            />
            <line
              x1="8"
              x2="8"
              y1="2"
              y2="18"
            />
            <line
              x1="16"
              x2="16"
              y1="6"
              y2="22"
            />
          </svg>
          Itajubá
           - 
          MG
        </p>
        <p
          className="align-items"
        >
          <svg
            className="info-content-data-icon"
            fill="none"
            height="1em"
            stroke="currentColor"
            strokeLinecap="round"
            strokeLinejoin="round"
            strokeWidth="2"
            style={
              Object {
                "color": undefined,
              }
            }
            viewBox="0 0 24 24"
            width="1em"
            xmlns="http://www.w3.org/2000/svg"
          >
            <path
              d="M21 10c0 7-9 13-9 13s-9-6-9-13a9 9 0 0 1 18 0z"
            />
            <circle
              cx="12"
              cy="10"
              r="3"
            />
          </svg>
          Sei não
        </p>
      </fieldset>
    </div>
  </div>
  <footer
    className="info-bottom"
  >
    <a
      className="a-link"
      href="https://unifei.edu.br/"
      style={
        Object {
          "fontSize": 17,
          "fontWeight": 600,
        }
      }
      target="_blank"
    >
      Entre no site para saber mais
    </a>
  </footer>
</div>
`;
